This file contains any messages produced by compilers while
running configure, to aid debugging if configure makes a mistake.

It was created by Robo Soccer configure 1.0, which was
generated by GNU Autoconf 2.72.  Invocation command line was

  $ ./configure

## --------- ##
## Platform. ##
## --------- ##

hostname = sheephost
uname -m = x86_64
uname -r = 6.16.10-arch1-1
uname -s = Linux
uname -v = #1 SMP PREEMPT_DYNAMIC Thu, 02 Oct 2025 19:26:36 +0000

/usr/bin/uname -p = unknown
/bin/uname -X     = unknown

/bin/arch              = unknown
/usr/bin/arch -k       = unknown
/usr/convex/getsysinfo = unknown
/usr/bin/hostinfo      = unknown
/bin/machine           = unknown
/usr/bin/oslevel       = unknown
/bin/universe          = unknown

PATH: /usr/local/sbin/
PATH: /usr/local/bin/
PATH: /usr/sbin/
PATH: /usr/bin/
PATH: /sbin/
PATH: /bin/
PATH: /usr/bin/site_perl/
PATH: /usr/bin/vendor_perl/
PATH: /usr/bin/core_perl/
PATH: /home/sheep/.local/bin/
PATH: /home/sheep/.local/bin/lora/
PATH: /home/sheep/.local/bin/sb/
PATH: /home/sheep/.local/bin/os/
PATH: /home/sheep/.local/bin/launch/
PATH: /home/sheep/.local/bin/stdlib/


## ----------- ##
## Core tests. ##
## ----------- ##

configure:2533: looking for aux files: config.guess config.sub compile missing install-sh
configure:2546:  trying ./
configure:2575:   ./config.guess found
configure:2575:   ./config.sub found
configure:2575:   ./compile found
configure:2575:   ./missing found
configure:2557:   ./install-sh found
configure:2705: checking for a BSD-compatible install
configure:2779: result: /usr/bin/install -c
configure:2790: checking whether sleep supports fractional seconds
configure:2806: result: yes
configure:2809: checking filesystem timestamp resolution
configure:2944: result: 0.01
configure:2949: checking whether build environment is sane
configure:2994: result: yes
configure:3039: WARNING: 'missing' script is too old or missing
configure:3165: checking for a race-free mkdir -p
configure:3208: result: /usr/sbin/mkdir -p
configure:3215: checking for gawk
configure:3236: found /usr/sbin/gawk
configure:3248: result: gawk
configure:3259: checking whether make sets $(MAKE)
configure:3283: result: yes
configure:3309: checking whether make supports nested variables
configure:3328: result: yes
configure:3342: checking xargs -n works
configure:3358: result: yes
configure:3443: checking whether UID '1000' is supported by ustar format
configure:3449: result: yes
configure:3456: checking whether GID '984' is supported by ustar format
configure:3462: result: yes
configure:3470: checking how to create a ustar tar archive
configure:3481: tar --version
tar (GNU tar) 1.35
Copyright (C) 2023 Free Software Foundation, Inc.
License GPLv3+: GNU GPL version 3 or later <https://gnu.org/licenses/gpl.html>.
This is free software: you are free to change and redistribute it.
There is NO WARRANTY, to the extent permitted by law.

Written by John Gilmore and Jay Fenlason.
configure:3484: $? = 0
configure:3524: tardir=conftest.dir && eval tar --format=ustar -chf - "$tardir" >conftest.tar
configure:3527: $? = 0
configure:3531: tar -xf - <conftest.tar
configure:3534: $? = 0
configure:3536: cat conftest.dir/file
GrepMe
configure:3539: $? = 0
configure:3554: result: gnutar
configure:3650: checking for gcc
configure:3671: found /usr/sbin/gcc
configure:3683: result: gcc
configure:4042: checking for C compiler version
configure:4051: gcc --version >&5
gcc (GCC) 15.2.1 20250813
Copyright (C) 2025 Free Software Foundation, Inc.
This is free software; see the source for copying conditions.  There is NO
warranty; not even for MERCHANTABILITY or FITNESS FOR A PARTICULAR PURPOSE.

configure:4062: $? = 0
configure:4051: gcc -v >&5
Using built-in specs.
COLLECT_GCC=gcc
COLLECT_LTO_WRAPPER=/usr/lib/gcc/x86_64-pc-linux-gnu/15.2.1/lto-wrapper
Target: x86_64-pc-linux-gnu
Configured with: /build/gcc/src/gcc/configure --enable-languages=ada,c,c++,d,fortran,go,lto,m2,objc,obj-c++,rust,cobol --enable-bootstrap --prefix=/usr --libdir=/usr/lib --libexecdir=/usr/lib --mandir=/usr/share/man --infodir=/usr/share/info --with-bugurl=https://gitlab.archlinux.org/archlinux/packaging/packages/gcc/-/issues --with-build-config=bootstrap-lto --with-linker-hash-style=gnu --with-system-zlib --enable-__cxa_atexit --enable-cet=auto --enable-checking=release --enable-clocale=gnu --enable-default-pie --enable-default-ssp --enable-gnu-indirect-function --enable-gnu-unique-object --enable-libstdcxx-backtrace --enable-link-serialization=1 --enable-linker-build-id --enable-lto --enable-multilib --enable-plugin --enable-shared --enable-threads=posix --disable-libssp --disable-libstdcxx-pch --disable-werror
Thread model: posix
Supported LTO compression algorithms: zlib zstd
gcc version 15.2.1 20250813 (GCC) 
configure:4062: $? = 0
configure:4051: gcc -V >&5
gcc: error: unrecognized command-line option '-V'
gcc: fatal error: no input files
compilation terminated.
configure:4062: $? = 1
configure:4051: gcc -qversion >&5
gcc: error: unrecognized command-line option '-qversion'; did you mean '--version'?
gcc: fatal error: no input files
compilation terminated.
configure:4062: $? = 1
configure:4051: gcc -version >&5
gcc: error: unrecognized command-line option '-version'
gcc: fatal error: no input files
compilation terminated.
configure:4062: $? = 1
configure:4082: checking whether the C compiler works
configure:4104: gcc    conftest.c  >&5
configure:4108: $? = 0
configure:4159: result: yes
configure:4163: checking for C compiler default output file name
configure:4165: result: a.out
configure:4171: checking for suffix of executables
configure:4178: gcc -o conftest    conftest.c  >&5
configure:4182: $? = 0
configure:4206: result: 
configure:4230: checking whether we are cross compiling
configure:4238: gcc -o conftest    conftest.c  >&5
configure:4242: $? = 0
configure:4249: ./conftest
configure:4253: $? = 0
configure:4268: result: no
configure:4274: checking for suffix of object files
configure:4297: gcc -c   conftest.c >&5
configure:4301: $? = 0
configure:4325: result: o
configure:4329: checking whether the compiler supports GNU C
configure:4349: gcc -c   conftest.c >&5
configure:4349: $? = 0
configure:4361: result: yes
configure:4372: checking whether gcc accepts -g
configure:4393: gcc -c -g  conftest.c >&5
configure:4393: $? = 0
configure:4440: result: yes
configure:4460: checking for gcc option to enable C11 features
configure:4475: gcc  -c -g -O2  conftest.c >&5
configure:4475: $? = 0
configure:4494: result: none needed
configure:4618: checking whether gcc understands -c and -o together
configure:4641: gcc -c conftest.c -o conftest2.o
configure:4644: $? = 0
configure:4641: gcc -c conftest.c -o conftest2.o
configure:4644: $? = 0
configure:4660: result: yes
configure:4680: checking whether make supports the include directive
configure:4695: make -f confmf.GNU && cat confinc.out
this is the am__doit target
configure:4698: $? = 0
configure:4717: result: yes (GNU style)
configure:4743: checking dependency style of gcc
configure:4856: result: gcc3
configure:4876: checking for gawk
configure:4909: result: gawk
configure:4921: checking whether ln -s works
configure:4925: result: yes
configure:4935: checking for glEnable in -lGL
configure:4964: gcc -o conftest -g -O2   conftest.c -lGL   >&5
configure:4964: $? = 0
configure:4976: result: yes
configure:4986: checking for gluBeginTrim in -lGLU
configure:5015: gcc -o conftest -g -O2   conftest.c -lGLU  -lGL  >&5
configure:5015: $? = 0
configure:5027: result: yes
configure:5037: checking for SDL_Init in -lSDL
configure:5066: gcc -o conftest -g -O2   conftest.c -lSDL  -lGLU -lGL  >&5
configure:5066: $? = 0
configure:5078: result: yes
configure:5088: checking for glutInit in -lglut
configure:5117: gcc -o conftest -g -O2   conftest.c -lglut  -lSDL -lGLU -lGL  >&5
configure:5117: $? = 0
configure:5129: result: yes
configure:5139: checking for jpeg_CreateCompress in -ljpeg
configure:5168: gcc -o conftest -g -O2   conftest.c -ljpeg  -lglut -lSDL -lGLU -lGL  >&5
configure:5168: $? = 0
configure:5180: result: yes
configure:5190: checking for baswap in -lbluetooth
configure:5219: gcc -o conftest -g -O2   conftest.c -lbluetooth  -ljpeg -lglut -lSDL -lGLU -lGL  >&5
configure:5219: $? = 0
configure:5231: result: yes
configure:5241: checking for sqrt in -lm
configure:5270: gcc -o conftest -g -O2   conftest.c -lm  -lbluetooth -ljpeg -lglut -lSDL -lGLU -lGL  >&5
conftest.c:27:6: warning: conflicting types for built-in function 'sqrt'; expected 'double(double)' [-Wbuiltin-declaration-mismatch]
   27 | char sqrt (void);
      |      ^~~~
conftest.c:1:1: note: 'sqrt' is declared in header '<math.h>'
    1 | /* confdefs.h */
configure:5270: $? = 0
configure:5282: result: yes
configure:5292: checking for pthread_create in -lpthread
configure:5321: gcc -o conftest -g -O2   conftest.c -lpthread  -lm -lbluetooth -ljpeg -lglut -lSDL -lGLU -lGL  >&5
configure:5321: $? = 0
configure:5333: result: yes
configure:5350: checking how to run the C preprocessor
configure:5376: gcc -E  conftest.c
configure:5376: $? = 0
configure:5392: gcc -E  conftest.c
conftest.c:19:10: fatal error: ac_nonexistent.h: No such file or directory
   19 | #include <ac_nonexistent.h>
      |          ^~~~~~~~~~~~~~~~~~
compilation terminated.
configure:5392: $? = 1
configure: failed program was:
| /* confdefs.h */
| #define PACKAGE_NAME "Robo Soccer"
| #define PACKAGE_TARNAME "robo-soccer"
| #define PACKAGE_VERSION "1.0"
| #define PACKAGE_STRING "Robo Soccer 1.0"
| #define PACKAGE_BUGREPORT "wisalam@live.com"
| #define PACKAGE_URL ""
| #define PACKAGE "robo-soccer"
| #define VERSION "1.0"
| #define HAVE_LIBGL 1
| #define HAVE_LIBGLU 1
| #define HAVE_LIBSDL 1
| #define HAVE_LIBGLUT 1
| #define HAVE_LIBJPEG 1
| #define HAVE_LIBBLUETOOTH 1
| #define HAVE_LIBM 1
| #define HAVE_LIBPTHREAD 1
| /* end confdefs.h.  */
| #include <ac_nonexistent.h>
configure:5421: result: gcc -E
configure:5435: gcc -E  conftest.c
configure:5435: $? = 0
configure:5451: gcc -E  conftest.c
conftest.c:19:10: fatal error: ac_nonexistent.h: No such file or directory
   19 | #include <ac_nonexistent.h>
      |          ^~~~~~~~~~~~~~~~~~
compilation terminated.
configure:5451: $? = 1
configure: failed program was:
| /* confdefs.h */
| #define PACKAGE_NAME "Robo Soccer"
| #define PACKAGE_TARNAME "robo-soccer"
| #define PACKAGE_VERSION "1.0"
| #define PACKAGE_STRING "Robo Soccer 1.0"
| #define PACKAGE_BUGREPORT "wisalam@live.com"
| #define PACKAGE_URL ""
| #define PACKAGE "robo-soccer"
| #define VERSION "1.0"
| #define HAVE_LIBGL 1
| #define HAVE_LIBGLU 1
| #define HAVE_LIBSDL 1
| #define HAVE_LIBGLUT 1
| #define HAVE_LIBJPEG 1
| #define HAVE_LIBBLUETOOTH 1
| #define HAVE_LIBM 1
| #define HAVE_LIBPTHREAD 1
| /* end confdefs.h.  */
| #include <ac_nonexistent.h>
configure:5484: checking for X
configure:5522: gcc -o conftest -g -O2   conftest.c -lX11 -lpthread -lm -lbluetooth -ljpeg -lglut -lSDL -lGLU -lGL  >&5
configure:5522: $? = 0
configure:5712: result: libraries , headers 
configure:5720: checking for stdio.h
configure:5720: gcc -c -g -O2  conftest.c >&5
configure:5720: $? = 0
configure:5720: result: yes
configure:5720: checking for stdlib.h
configure:5720: gcc -c -g -O2  conftest.c >&5
configure:5720: $? = 0
configure:5720: result: yes
configure:5720: checking for string.h
configure:5720: gcc -c -g -O2  conftest.c >&5
configure:5720: $? = 0
configure:5720: result: yes
configure:5720: checking for inttypes.h
configure:5720: gcc -c -g -O2  conftest.c >&5
configure:5720: $? = 0
configure:5720: result: yes
configure:5720: checking for stdint.h
configure:5720: gcc -c -g -O2  conftest.c >&5
configure:5720: $? = 0
configure:5720: result: yes
configure:5720: checking for strings.h
configure:5720: gcc -c -g -O2  conftest.c >&5
configure:5720: $? = 0
configure:5720: result: yes
configure:5720: checking for sys/stat.h
configure:5720: gcc -c -g -O2  conftest.c >&5
configure:5720: $? = 0
configure:5720: result: yes
configure:5720: checking for sys/types.h
configure:5720: gcc -c -g -O2  conftest.c >&5
configure:5720: $? = 0
configure:5720: result: yes
configure:5720: checking for unistd.h
configure:5720: gcc -c -g -O2  conftest.c >&5
configure:5720: $? = 0
configure:5720: result: yes
configure:5720: checking for sys/param.h
configure:5720: gcc -c -g -O2  conftest.c >&5
configure:5720: $? = 0
configure:5720: result: yes
configure:5745: checking for fcntl.h
configure:5745: gcc -c -g -O2  conftest.c >&5
configure:5745: $? = 0
configure:5745: result: yes
configure:5751: checking for inttypes.h
configure:5751: result: yes
configure:5757: checking for limits.h
configure:5757: gcc -c -g -O2  conftest.c >&5
configure:5757: $? = 0
configure:5757: result: yes
configure:5763: checking for malloc.h
configure:5763: gcc -c -g -O2  conftest.c >&5
configure:5763: $? = 0
configure:5763: result: yes
configure:5769: checking for stdint.h
configure:5769: result: yes
configure:5775: checking for stdlib.h
configure:5775: result: yes
configure:5781: checking for string.h
configure:5781: result: yes
configure:5787: checking for sys/file.h
configure:5787: gcc -c -g -O2  conftest.c >&5
configure:5787: $? = 0
configure:5787: result: yes
configure:5793: checking for sys/ioctl.h
configure:5793: gcc -c -g -O2  conftest.c >&5
configure:5793: $? = 0
configure:5793: result: yes
configure:5799: checking for sys/param.h
configure:5799: result: yes
configure:5805: checking for sys/socket.h
configure:5805: gcc -c -g -O2  conftest.c >&5
configure:5805: $? = 0
configure:5805: result: yes
configure:5811: checking for sys/time.h
configure:5811: gcc -c -g -O2  conftest.c >&5
configure:5811: $? = 0
configure:5811: result: yes
configure:5817: checking for unistd.h
configure:5817: result: yes
configure:5826: checking for inline
configure:5843: gcc -c -g -O2  conftest.c >&5
configure:5843: $? = 0
configure:5853: result: inline
configure:5871: checking for off_t
configure:5871: gcc -c -g -O2  conftest.c >&5
configure:5871: $? = 0
configure:5871: gcc -c -g -O2  conftest.c >&5
conftest.c: In function 'main':
conftest.c:74:20: error: expected expression before ')' token
   74 | if (sizeof ((off_t)))
      |                    ^
configure:5871: $? = 1
configure: failed program was:
| /* confdefs.h */
| #define PACKAGE_NAME "Robo Soccer"
| #define PACKAGE_TARNAME "robo-soccer"
| #define PACKAGE_VERSION "1.0"
| #define PACKAGE_STRING "Robo Soccer 1.0"
| #define PACKAGE_BUGREPORT "wisalam@live.com"
| #define PACKAGE_URL ""
| #define PACKAGE "robo-soccer"
| #define VERSION "1.0"
| #define HAVE_LIBGL 1
| #define HAVE_LIBGLU 1
| #define HAVE_LIBSDL 1
| #define HAVE_LIBGLUT 1
| #define HAVE_LIBJPEG 1
| #define HAVE_LIBBLUETOOTH 1
| #define HAVE_LIBM 1
| #define HAVE_LIBPTHREAD 1
| #define HAVE_STDIO_H 1
| #define HAVE_STDLIB_H 1
| #define HAVE_STRING_H 1
| #define HAVE_INTTYPES_H 1
| #define HAVE_STDINT_H 1
| #define HAVE_STRINGS_H 1
| #define HAVE_SYS_STAT_H 1
| #define HAVE_SYS_TYPES_H 1
| #define HAVE_UNISTD_H 1
| #define HAVE_SYS_PARAM_H 1
| #define STDC_HEADERS 1
| #define HAVE_FCNTL_H 1
| #define HAVE_INTTYPES_H 1
| #define HAVE_LIMITS_H 1
| #define HAVE_MALLOC_H 1
| #define HAVE_STDINT_H 1
| #define HAVE_STDLIB_H 1
| #define HAVE_STRING_H 1
| #define HAVE_SYS_FILE_H 1
| #define HAVE_SYS_IOCTL_H 1
| #define HAVE_SYS_PARAM_H 1
| #define HAVE_SYS_SOCKET_H 1
| #define HAVE_SYS_TIME_H 1
| #define HAVE_UNISTD_H 1
| /* end confdefs.h.  */
| #include <stddef.h>
| #ifdef HAVE_STDIO_H
| # include <stdio.h>
| #endif
| #ifdef HAVE_STDLIB_H
| # include <stdlib.h>
| #endif
| #ifdef HAVE_STRING_H
| # include <string.h>
| #endif
| #ifdef HAVE_INTTYPES_H
| # include <inttypes.h>
| #endif
| #ifdef HAVE_STDINT_H
| # include <stdint.h>
| #endif
| #ifdef HAVE_STRINGS_H
| # include <strings.h>
| #endif
| #ifdef HAVE_SYS_TYPES_H
| # include <sys/types.h>
| #endif
| #ifdef HAVE_SYS_STAT_H
| # include <sys/stat.h>
| #endif
| #ifdef HAVE_UNISTD_H
| # include <unistd.h>
| #endif
| int
| main (void)
| {
| if (sizeof ((off_t)))
| 	    return 0;
|   ;
|   return 0;
| }
configure:5871: result: yes
configure:5882: checking for size_t
configure:5882: gcc -c -g -O2  conftest.c >&5
configure:5882: $? = 0
configure:5882: gcc -c -g -O2  conftest.c >&5
conftest.c: In function 'main':
conftest.c:74:21: error: expected expression before ')' token
   74 | if (sizeof ((size_t)))
      |                     ^
configure:5882: $? = 1
configure: failed program was:
| /* confdefs.h */
| #define PACKAGE_NAME "Robo Soccer"
| #define PACKAGE_TARNAME "robo-soccer"
| #define PACKAGE_VERSION "1.0"
| #define PACKAGE_STRING "Robo Soccer 1.0"
| #define PACKAGE_BUGREPORT "wisalam@live.com"
| #define PACKAGE_URL ""
| #define PACKAGE "robo-soccer"
| #define VERSION "1.0"
| #define HAVE_LIBGL 1
| #define HAVE_LIBGLU 1
| #define HAVE_LIBSDL 1
| #define HAVE_LIBGLUT 1
| #define HAVE_LIBJPEG 1
| #define HAVE_LIBBLUETOOTH 1
| #define HAVE_LIBM 1
| #define HAVE_LIBPTHREAD 1
| #define HAVE_STDIO_H 1
| #define HAVE_STDLIB_H 1
| #define HAVE_STRING_H 1
| #define HAVE_INTTYPES_H 1
| #define HAVE_STDINT_H 1
| #define HAVE_STRINGS_H 1
| #define HAVE_SYS_STAT_H 1
| #define HAVE_SYS_TYPES_H 1
| #define HAVE_UNISTD_H 1
| #define HAVE_SYS_PARAM_H 1
| #define STDC_HEADERS 1
| #define HAVE_FCNTL_H 1
| #define HAVE_INTTYPES_H 1
| #define HAVE_LIMITS_H 1
| #define HAVE_MALLOC_H 1
| #define HAVE_STDINT_H 1
| #define HAVE_STDLIB_H 1
| #define HAVE_STRING_H 1
| #define HAVE_SYS_FILE_H 1
| #define HAVE_SYS_IOCTL_H 1
| #define HAVE_SYS_PARAM_H 1
| #define HAVE_SYS_SOCKET_H 1
| #define HAVE_SYS_TIME_H 1
| #define HAVE_UNISTD_H 1
| /* end confdefs.h.  */
| #include <stddef.h>
| #ifdef HAVE_STDIO_H
| # include <stdio.h>
| #endif
| #ifdef HAVE_STDLIB_H
| # include <stdlib.h>
| #endif
| #ifdef HAVE_STRING_H
| # include <string.h>
| #endif
| #ifdef HAVE_INTTYPES_H
| # include <inttypes.h>
| #endif
| #ifdef HAVE_STDINT_H
| # include <stdint.h>
| #endif
| #ifdef HAVE_STRINGS_H
| # include <strings.h>
| #endif
| #ifdef HAVE_SYS_TYPES_H
| # include <sys/types.h>
| #endif
| #ifdef HAVE_SYS_STAT_H
| # include <sys/stat.h>
| #endif
| #ifdef HAVE_UNISTD_H
| # include <unistd.h>
| #endif
| int
| main (void)
| {
| if (sizeof ((size_t)))
| 	    return 0;
|   ;
|   return 0;
| }
configure:5882: result: yes
configure:5893: checking for ssize_t
configure:5893: gcc -c -g -O2  conftest.c >&5
configure:5893: $? = 0
configure:5893: gcc -c -g -O2  conftest.c >&5
conftest.c: In function 'main':
conftest.c:74:22: error: expected expression before ')' token
   74 | if (sizeof ((ssize_t)))
      |                      ^
configure:5893: $? = 1
configure: failed program was:
| /* confdefs.h */
| #define PACKAGE_NAME "Robo Soccer"
| #define PACKAGE_TARNAME "robo-soccer"
| #define PACKAGE_VERSION "1.0"
| #define PACKAGE_STRING "Robo Soccer 1.0"
| #define PACKAGE_BUGREPORT "wisalam@live.com"
| #define PACKAGE_URL ""
| #define PACKAGE "robo-soccer"
| #define VERSION "1.0"
| #define HAVE_LIBGL 1
| #define HAVE_LIBGLU 1
| #define HAVE_LIBSDL 1
| #define HAVE_LIBGLUT 1
| #define HAVE_LIBJPEG 1
| #define HAVE_LIBBLUETOOTH 1
| #define HAVE_LIBM 1
| #define HAVE_LIBPTHREAD 1
| #define HAVE_STDIO_H 1
| #define HAVE_STDLIB_H 1
| #define HAVE_STRING_H 1
| #define HAVE_INTTYPES_H 1
| #define HAVE_STDINT_H 1
| #define HAVE_STRINGS_H 1
| #define HAVE_SYS_STAT_H 1
| #define HAVE_SYS_TYPES_H 1
| #define HAVE_UNISTD_H 1
| #define HAVE_SYS_PARAM_H 1
| #define STDC_HEADERS 1
| #define HAVE_FCNTL_H 1
| #define HAVE_INTTYPES_H 1
| #define HAVE_LIMITS_H 1
| #define HAVE_MALLOC_H 1
| #define HAVE_STDINT_H 1
| #define HAVE_STDLIB_H 1
| #define HAVE_STRING_H 1
| #define HAVE_SYS_FILE_H 1
| #define HAVE_SYS_IOCTL_H 1
| #define HAVE_SYS_PARAM_H 1
| #define HAVE_SYS_SOCKET_H 1
| #define HAVE_SYS_TIME_H 1
| #define HAVE_UNISTD_H 1
| /* end confdefs.h.  */
| #include <stddef.h>
| #ifdef HAVE_STDIO_H
| # include <stdio.h>
| #endif
| #ifdef HAVE_STDLIB_H
| # include <stdlib.h>
| #endif
| #ifdef HAVE_STRING_H
| # include <string.h>
| #endif
| #ifdef HAVE_INTTYPES_H
| # include <inttypes.h>
| #endif
| #ifdef HAVE_STDINT_H
| # include <stdint.h>
| #endif
| #ifdef HAVE_STRINGS_H
| # include <strings.h>
| #endif
| #ifdef HAVE_SYS_TYPES_H
| # include <sys/types.h>
| #endif
| #ifdef HAVE_SYS_STAT_H
| # include <sys/stat.h>
| #endif
| #ifdef HAVE_UNISTD_H
| # include <unistd.h>
| #endif
| int
| main (void)
| {
| if (sizeof ((ssize_t)))
| 	    return 0;
|   ;
|   return 0;
| }
configure:5893: result: yes
configure:5904: checking for uint16_t
configure:5904: gcc -c -g -O2  conftest.c >&5
configure:5904: $? = 0
configure:5904: result: yes
configure:5914: checking for uint32_t
configure:5914: gcc -c -g -O2  conftest.c >&5
configure:5914: $? = 0
configure:5914: result: yes
configure:5926: checking for uint64_t
configure:5926: gcc -c -g -O2  conftest.c >&5
configure:5926: $? = 0
configure:5926: result: yes
configure:5938: checking for uint8_t
configure:5938: gcc -c -g -O2  conftest.c >&5
configure:5938: $? = 0
configure:5938: result: yes
configure:5958: checking build system type
configure:5974: result: x86_64-pc-linux-gnu
configure:5994: checking host system type
configure:6009: result: x86_64-pc-linux-gnu
configure:6029: checking for GNU libc compatible malloc
configure:6061: gcc -o conftest -g -O2   conftest.c -lpthread -lm -lbluetooth -ljpeg -lglut -lSDL -lGLU -lGL  >&5
configure:6061: $? = 0
configure:6061: ./conftest
configure:6061: $? = 0
configure:6075: result: yes
configure:6103: checking for getpagesize
configure:6103: gcc -o conftest -g -O2   conftest.c -lpthread -lm -lbluetooth -ljpeg -lglut -lSDL -lGLU -lGL  >&5
configure:6103: $? = 0
configure:6103: result: yes
configure:6114: checking for working mmap
configure:6264: gcc -o conftest -g -O2   conftest.c -lpthread -lm -lbluetooth -ljpeg -lglut -lSDL -lGLU -lGL  >&5
configure:6264: $? = 0
configure:6264: ./conftest
configure:6264: $? = 0
configure:6278: result: yes
configure:6287: checking for GNU libc compatible realloc
configure:6319: gcc -o conftest -g -O2   conftest.c -lpthread -lm -lbluetooth -ljpeg -lglut -lSDL -lGLU -lGL  >&5
configure:6319: $? = 0
configure:6319: ./conftest
configure:6319: $? = 0
configure:6333: result: yes
configure:6356: checking for floor
configure:6356: gcc -o conftest -g -O2   conftest.c -lpthread -lm -lbluetooth -ljpeg -lglut -lSDL -lGLU -lGL  >&5
conftest.c:63:6: warning: conflicting types for built-in function 'floor'; expected 'double(double)' [-Wbuiltin-declaration-mismatch]
   63 | char floor (void);
      |      ^~~~~
conftest.c:55:1: note: 'floor' is declared in header '<math.h>'
   54 | #include <limits.h>
   55 | #undef floor
configure:6356: $? = 0
configure:6356: result: yes
configure:6362: checking for ftruncate
configure:6362: gcc -o conftest -g -O2   conftest.c -lpthread -lm -lbluetooth -ljpeg -lglut -lSDL -lGLU -lGL  >&5
configure:6362: $? = 0
configure:6362: result: yes
configure:6368: checking for memset
configure:6368: gcc -o conftest -g -O2   conftest.c -lpthread -lm -lbluetooth -ljpeg -lglut -lSDL -lGLU -lGL  >&5
conftest.c:65:6: warning: conflicting types for built-in function 'memset'; expected 'void *(void *, int,  long unsigned int)' [-Wbuiltin-declaration-mismatch]
   65 | char memset (void);
      |      ^~~~~~
conftest.c:57:1: note: 'memset' is declared in header '<string.h>'
   56 | #include <limits.h>
   57 | #undef memset
configure:6368: $? = 0
configure:6368: result: yes
configure:6374: checking for pow
configure:6374: gcc -o conftest -g -O2   conftest.c -lpthread -lm -lbluetooth -ljpeg -lglut -lSDL -lGLU -lGL  >&5
conftest.c:66:6: warning: conflicting types for built-in function 'pow'; expected 'double(double,  double)' [-Wbuiltin-declaration-mismatch]
   66 | char pow (void);
      |      ^~~
conftest.c:58:1: note: 'pow' is declared in header '<math.h>'
   57 | #include <limits.h>
   58 | #undef pow
configure:6374: $? = 0
configure:6374: result: yes
configure:6380: checking for select
configure:6380: gcc -o conftest -g -O2   conftest.c -lpthread -lm -lbluetooth -ljpeg -lglut -lSDL -lGLU -lGL  >&5
configure:6380: $? = 0
configure:6380: result: yes
configure:6386: checking for socket
configure:6386: gcc -o conftest -g -O2   conftest.c -lpthread -lm -lbluetooth -ljpeg -lglut -lSDL -lGLU -lGL  >&5
configure:6386: $? = 0
configure:6386: result: yes
configure:6392: checking for sqrt
configure:6392: gcc -o conftest -g -O2   conftest.c -lpthread -lm -lbluetooth -ljpeg -lglut -lSDL -lGLU -lGL  >&5
conftest.c:69:6: warning: conflicting types for built-in function 'sqrt'; expected 'double(double)' [-Wbuiltin-declaration-mismatch]
   69 | char sqrt (void);
      |      ^~~~
conftest.c:61:1: note: 'sqrt' is declared in header '<math.h>'
   60 | #include <limits.h>
   61 | #undef sqrt
configure:6392: $? = 0
configure:6392: result: yes
configure:6398: checking for strdup
configure:6398: gcc -o conftest -g -O2   conftest.c -lpthread -lm -lbluetooth -ljpeg -lglut -lSDL -lGLU -lGL  >&5
conftest.c:70:6: warning: conflicting types for built-in function 'strdup'; expected 'char *(const char *)' [-Wbuiltin-declaration-mismatch]
   70 | char strdup (void);
      |      ^~~~~~
configure:6398: $? = 0
configure:6398: result: yes
configure:6404: checking for strerror
configure:6404: gcc -o conftest -g -O2   conftest.c -lpthread -lm -lbluetooth -ljpeg -lglut -lSDL -lGLU -lGL  >&5
configure:6404: $? = 0
configure:6404: result: yes
configure:6410: checking for strncasecmp
configure:6410: gcc -o conftest -g -O2   conftest.c -lpthread -lm -lbluetooth -ljpeg -lglut -lSDL -lGLU -lGL  >&5
conftest.c:72:6: warning: conflicting types for built-in function 'strncasecmp'; expected 'int(const char *, const char *, long unsigned int)' [-Wbuiltin-declaration-mismatch]
   72 | char strncasecmp (void);
      |      ^~~~~~~~~~~
configure:6410: $? = 0
configure:6410: result: yes
configure:6467: checking for ranlib
configure:6488: found /usr/sbin/ranlib
configure:6500: result: ranlib
configure:6634: checking that generated files are newer than configure
configure:6640: result: done
configure:6675: creating ./config.status

## ---------------------- ##
## Running config.status. ##
## ---------------------- ##

This file was extended by Robo Soccer config.status 1.0, which was
generated by GNU Autoconf 2.72.  Invocation command line was

  CONFIG_FILES    = 
  CONFIG_HEADERS  = 
  CONFIG_LINKS    = 
  CONFIG_COMMANDS = 
  $ ./config.status 

on sheephost

config.status:900: creating Makefile
config.status:900: creating src/Makefile
config.status:900: creating include/config.h
config.status:1129: executing depfiles commands
config.status:1204: cd src       && sed -e '/# am--include-marker/d' Makefile         | make -f - am--depfiles
make: Nothing to be done for 'am--depfiles'.
config.status:1211: $? = 0

## ---------------- ##
## Cache variables. ##
## ---------------- ##

ac_cv_build='x86_64-pc-linux-gnu'
ac_cv_c_compiler_gnu='yes'
ac_cv_c_inline='inline'
ac_cv_c_uint16_t='yes'
ac_cv_c_uint32_t='yes'
ac_cv_c_uint64_t='yes'
ac_cv_c_uint8_t='yes'
ac_cv_env_CC_set=''
ac_cv_env_CC_value=''
ac_cv_env_CFLAGS_set=''
ac_cv_env_CFLAGS_value=''
ac_cv_env_CPPFLAGS_set=''
ac_cv_env_CPPFLAGS_value=''
ac_cv_env_CPP_set=''
ac_cv_env_CPP_value=''
ac_cv_env_LDFLAGS_set=''
ac_cv_env_LDFLAGS_value=''
ac_cv_env_LIBS_set=''
ac_cv_env_LIBS_value=''
ac_cv_env_XMKMF_set=''
ac_cv_env_XMKMF_value=''
ac_cv_env_build_alias_set=''
ac_cv_env_build_alias_value=''
ac_cv_env_host_alias_set=''
ac_cv_env_host_alias_value=''
ac_cv_env_target_alias_set=''
ac_cv_env_target_alias_value=''
ac_cv_func_floor='yes'
ac_cv_func_ftruncate='yes'
ac_cv_func_getpagesize='yes'
ac_cv_func_malloc_0_nonnull='yes'
ac_cv_func_memset='yes'
ac_cv_func_mmap_fixed_mapped='yes'
ac_cv_func_pow='yes'
ac_cv_func_realloc_0_nonnull='yes'
ac_cv_func_select='yes'
ac_cv_func_socket='yes'
ac_cv_func_sqrt='yes'
ac_cv_func_strdup='yes'
ac_cv_func_strerror='yes'
ac_cv_func_strncasecmp='yes'
ac_cv_have_x='have_x=yes	ac_x_includes='"''"'	ac_x_libraries='"''"
ac_cv_header_fcntl_h='yes'
ac_cv_header_inttypes_h='yes'
ac_cv_header_limits_h='yes'
ac_cv_header_malloc_h='yes'
ac_cv_header_stdint_h='yes'
ac_cv_header_stdio_h='yes'
ac_cv_header_stdlib_h='yes'
ac_cv_header_string_h='yes'
ac_cv_header_strings_h='yes'
ac_cv_header_sys_file_h='yes'
ac_cv_header_sys_ioctl_h='yes'
ac_cv_header_sys_param_h='yes'
ac_cv_header_sys_socket_h='yes'
ac_cv_header_sys_stat_h='yes'
ac_cv_header_sys_time_h='yes'
ac_cv_header_sys_types_h='yes'
ac_cv_header_unistd_h='yes'
ac_cv_host='x86_64-pc-linux-gnu'
ac_cv_lib_GLU_gluBeginTrim='yes'
ac_cv_lib_GL_glEnable='yes'
ac_cv_lib_SDL_SDL_Init='yes'
ac_cv_lib_bluetooth_baswap='yes'
ac_cv_lib_glut_glutInit='yes'
ac_cv_lib_jpeg_jpeg_CreateCompress='yes'
ac_cv_lib_m_sqrt='yes'
ac_cv_lib_pthread_pthread_create='yes'
ac_cv_objext='o'
ac_cv_path_install='/usr/bin/install -c'
ac_cv_path_mkdir='/usr/sbin/mkdir'
ac_cv_prog_AWK='gawk'
ac_cv_prog_CPP='gcc -E'
ac_cv_prog_ac_ct_CC='gcc'
ac_cv_prog_ac_ct_RANLIB='ranlib'
ac_cv_prog_cc_c11=''
ac_cv_prog_cc_g='yes'
ac_cv_prog_cc_stdc=''
ac_cv_prog_make_make_set='yes'
ac_cv_type_off_t='yes'
ac_cv_type_size_t='yes'
ac_cv_type_ssize_t='yes'
am_cv_CC_dependencies_compiler_type='gcc3'
am_cv_filesystem_timestamp_resolution='0.01'
am_cv_make_support_nested_variables='yes'
am_cv_prog_cc_c_o='yes'
am_cv_prog_tar_ustar='gnutar'
am_cv_sleep_fractional_seconds='yes'
am_cv_xargs_n_works='yes'

## ----------------- ##
## Output variables. ##
## ----------------- ##

ACLOCAL='aclocal-1.18'
AMDEPBACKSLASH='\'
AMDEP_FALSE='#'
AMDEP_TRUE=''
AMTAR='$${TAR-tar}'
AM_BACKSLASH='\'
AM_DEFAULT_V='$(AM_DEFAULT_VERBOSITY)'
AM_DEFAULT_VERBOSITY='1'
AM_V='$(V)'
AUTOCONF='autoconf'
AUTOHEADER='autoheader'
AUTOMAKE='automake-1.18'
AWK='gawk'
CC='gcc'
CCDEPMODE='depmode=gcc3'
CFLAGS='-g -O2'
CPP='gcc -E'
CPPFLAGS=''
CSCOPE='cscope'
CTAGS='ctags'
CYGPATH_W='echo'
DEFS='-DHAVE_CONFIG_H'
DEPDIR='.deps'
ECHO_C=''
ECHO_N='-n'
ECHO_T=''
ETAGS='etags'
EXEEXT=''
INSTALL_DATA='${INSTALL} -m 644'
INSTALL_PROGRAM='${INSTALL}'
INSTALL_SCRIPT='${INSTALL}'
INSTALL_STRIP_PROGRAM='$(install_sh) -c -s'
LDFLAGS=''
LIBOBJS=''
LIBS='-lpthread -lm -lbluetooth -ljpeg -lglut -lSDL -lGLU -lGL '
LN_S='ln -s'
LTLIBOBJS=''
MAKEINFO='makeinfo'
MKDIR_P='/usr/sbin/mkdir -p'
OBJEXT='o'
PACKAGE='robo-soccer'
PACKAGE_BUGREPORT='wisalam@live.com'
PACKAGE_NAME='Robo Soccer'
PACKAGE_STRING='Robo Soccer 1.0'
PACKAGE_TARNAME='robo-soccer'
PACKAGE_URL=''
PACKAGE_VERSION='1.0'
PATH_SEPARATOR=':'
RANLIB='ranlib'
SET_MAKE=''
SHELL='/bin/sh'
STRIP=''
VERSION='1.0'
XMKMF=''
ac_ct_CC='gcc'
am__EXEEXT_FALSE=''
am__EXEEXT_TRUE='#'
am__fastdepCC_FALSE='#'
am__fastdepCC_TRUE=''
am__include='include'
am__isrc=''
am__leading_dot='.'
am__nodep='_no'
am__quote=''
am__rm_f_notfound=''
am__tar='tar --format=ustar -chf - "$$tardir"'
am__untar='tar -xf -'
am__xargs_n='xargs -n'
bindir='${exec_prefix}/bin'
build='x86_64-pc-linux-gnu'
build_alias=''
build_cpu='x86_64'
build_os='linux-gnu'
build_vendor='pc'
datadir='${datarootdir}'
datarootdir='${prefix}/share'
docdir='${datarootdir}/doc/${PACKAGE_TARNAME}'
dvidir='${docdir}'
exec_prefix='${prefix}'
host='x86_64-pc-linux-gnu'
host_alias=''
host_cpu='x86_64'
host_os='linux-gnu'
host_vendor='pc'
htmldir='${docdir}'
includedir='${prefix}/include'
infodir='${datarootdir}/info'
install_sh='${SHELL} /home/sheep/university/Robot-Ragers/P3-Robo_Soccer/RS_Distro_2025/install-sh'
libdir='${exec_prefix}/lib'
libexecdir='${exec_prefix}/libexec'
localedir='${datarootdir}/locale'
localstatedir='${prefix}/var'
mandir='${datarootdir}/man'
mkdir_p='$(MKDIR_P)'
oldincludedir='/usr/include'
pdfdir='${docdir}'
prefix='/home/sheep/university/Robot-Ragers/P3-Robo_Soccer/RS_Distro_2025'
program_transform_name='s,x,x,'
psdir='${docdir}'
runstatedir='${localstatedir}/run'
sbindir='${exec_prefix}/sbin'
sharedstatedir='${prefix}/com'
sysconfdir='${prefix}/etc'
target_alias=''

## ----------- ##
## confdefs.h. ##
## ----------- ##

/* confdefs.h */
#define PACKAGE_NAME "Robo Soccer"
#define PACKAGE_TARNAME "robo-soccer"
#define PACKAGE_VERSION "1.0"
#define PACKAGE_STRING "Robo Soccer 1.0"
#define PACKAGE_BUGREPORT "wisalam@live.com"
#define PACKAGE_URL ""
#define PACKAGE "robo-soccer"
#define VERSION "1.0"
#define HAVE_LIBGL 1
#define HAVE_LIBGLU 1
#define HAVE_LIBSDL 1
#define HAVE_LIBGLUT 1
#define HAVE_LIBJPEG 1
#define HAVE_LIBBLUETOOTH 1
#define HAVE_LIBM 1
#define HAVE_LIBPTHREAD 1
#define HAVE_STDIO_H 1
#define HAVE_STDLIB_H 1
#define HAVE_STRING_H 1
#define HAVE_INTTYPES_H 1
#define HAVE_STDINT_H 1
#define HAVE_STRINGS_H 1
#define HAVE_SYS_STAT_H 1
#define HAVE_SYS_TYPES_H 1
#define HAVE_UNISTD_H 1
#define HAVE_SYS_PARAM_H 1
#define STDC_HEADERS 1
#define HAVE_FCNTL_H 1
#define HAVE_INTTYPES_H 1
#define HAVE_LIMITS_H 1
#define HAVE_MALLOC_H 1
#define HAVE_STDINT_H 1
#define HAVE_STDLIB_H 1
#define HAVE_STRING_H 1
#define HAVE_SYS_FILE_H 1
#define HAVE_SYS_IOCTL_H 1
#define HAVE_SYS_PARAM_H 1
#define HAVE_SYS_SOCKET_H 1
#define HAVE_SYS_TIME_H 1
#define HAVE_UNISTD_H 1
#define HAVE_MALLOC 1
#define HAVE_GETPAGESIZE 1
#define HAVE_MMAP 1
#define HAVE_REALLOC 1
#define HAVE_FLOOR 1
#define HAVE_FTRUNCATE 1
#define HAVE_MEMSET 1
#define HAVE_POW 1
#define HAVE_SELECT 1
#define HAVE_SOCKET 1
#define HAVE_SQRT 1
#define HAVE_STRDUP 1
#define HAVE_STRERROR 1
#define HAVE_STRNCASECMP 1

configure: exit 0
